// Jest Snapshot v1, https://goo.gl/fbAQLP

exports[`Test <AddCategory /> should recive a function 1`] = `
<form
  onSubmit={[Function]}
>
  <input
    onChange={[Function]}
    onClick={[Function]}
    type="text"
    value=""
  />
</form>
`;
