// Jest Snapshot v1, https://goo.gl/fbAQLP

exports[`Testing <GifItem /> should show <GifItem /> 1`] = `
<div
  className="card animate__animated animate__fadeIn"
>
  <img
    alt="gif title"
    key="dadad"
    src="www.testingmywebsite.com"
  />
  <p>
     
    gif title
  </p>
</div>
`;
